INFO:	2024-08-29 T 18:58:18.037434
	Logger.vala, L-87: ProtocolBus.Logger.TraceOn
	Logger started
INFO:	2024-08-29 T 18:58:18.037988
	Logger.vala, L-140: ProtocolBus.Logger.MainLloop
	MainLoop started
TRACE:	2024-08-29 T 18:58:18.037863
	Domain.vala, L-62: ProtocolBus.Domain.Initialize
	Config file read and loaded
TRACE:	2024-08-29 T 18:58:18.038212
	
ActivateTrace: true
TraceLevel: 1
Domain {
  Id: 1
  ActivateDefaultTransport: false
  DirectDispacthToSubs: false
  KeyFile: ""
  Transport {
    TransportName: "MCast_0"
    DllImport: "Default"
    TransportClass: "Multicast"
    ReceiveOwnMsgs: true
    MCastParams {
      LocalAddress: "Any"
      MCastAddress: "239.255.0.11"
      Port: 40070
      TTL: 1
      ReceiveBuffer: 134217727
      SendBuffer: 134217727
    }
  }
}
Domain {
  Id: 0
  ActivateDefaultTransport: false
  DirectDispacthToSubs: false
  KeyFile: ""
  Transport {
    TransportName: "UDPStar_0"
    DllImport: "Default"
    TransportClass: "UDPStar"
    ReceiveOwnMsgs: true
    UDPStarParams {
      LocalAddress: "192.168.2.95"
      Port: 40069
      EndPoint {
        Host: "192.168.2.101"
        Port: 40069
      }
      EndPoint {
        Host: "192.168.2.33"
        Port: 40069
      }
      EndPoint {
        Host: "192.168.2.44"
        Port: 40069
      }
      EndPoint {
        Host: "192.168.2.95"
        Port: 40069
      }
      EndPoint {
        Host: "192.168.2.100"
        Port: 40070
      }
      EndPoint {
        Host: "192.168.2.95"
        Port: 40070
      }
      ReceiveBuffer: 134217727
      SendBuffer: 134217727
    }
  }
}


INFO:	2024-08-29 T 18:58:18.039839
	UDPStar.vala, L-98: ProtocolBus.UDPStar.MainLoop
	UDPStar_0: Transp. Mainloop started -ProtocolBusUDPStar
INFO:	2024-08-29 T 18:58:18.040574
	QueueMgr.vala, L-89: ProtocolBus.QueueMgr.MainLoop
	UP_SQ: Start Mainloop-ProtocolBusStreamQueue
INFO:	2024-08-29 T 18:58:18.040795
	QueueMgr.vala, L-89: ProtocolBus.QueueMgr.MainLoop
	DOWN_SQ: Start Mainloop-ProtocolBusStreamQueue
INFO:	2024-08-29 T 18:58:18.040952
	QueueMgr.vala, L-89: ProtocolBus.QueueMgr.MainLoop
	DataPck_S0: Start Mainloop-DPSub
INFO:	2024-08-29 T 18:58:18.041035
	QueueMgr.vala, L-89: ProtocolBus.QueueMgr.MainLoop
	EndPointDef_S1: Start Mainloop-EPSub
INFO:	2024-08-29 T 18:58:18.041149
	QueueMgr.vala, L-89: ProtocolBus.QueueMgr.MainLoop
	DataPck_S2: Start Mainloop-ProtocolBusGSub
INFO:	2024-08-29 T 18:58:18.041270
	QueueMgr.vala, L-89: ProtocolBus.QueueMgr.MainLoop
	EndPointDef_S3: Start Mainloop-ProtocolBusGSub
TRACE:	2024-08-29 T 18:58:27.053334
	StreanQueue.vala, L-66: ProtocolBus.StreamQueue.DispatchMsgToTransports
	DOWN_SQ: Ready to send to Transports - ProtocolBusStreamQueue		2
TRACE:	2024-08-29 T 18:58:27.053653
	QueueMgr.vala, L-106: ProtocolBus.QueueMgr.MainLoop
	DOWN_SQ: Message dispached - ProtocolBusStreamQueue
TRACE:	2024-08-29 T 18:58:27.053743
	Transport.vala, L-62: ProtocolBus.Transport.ParseAndEnqueue
	UDPStar_0: Recive from wire - ProtocolBusUDPStar2
TRACE:	2024-08-29 T 18:58:27.053829
	StreanQueue.vala, L-74: ProtocolBus.StreamQueue.DispatchMsgToListeners
	UP_SQ: Ready to send to Listeners - ProtocolBusStreamQueue		2
TRACE:	2024-08-29 T 18:58:27.053928
	QueueMgr.vala, L-106: ProtocolBus.QueueMgr.MainLoop
	EndPointDef_S3: Message dispached - ProtocolBusGSub
TRACE:	2024-08-29 T 18:58:27.053893
	QueueMgr.vala, L-106: ProtocolBus.QueueMgr.MainLoop
	UP_SQ: Message dispached - ProtocolBusStreamQueue
TRACE:	2024-08-29 T 18:58:27.054036
	QueueMgr.vala, L-106: ProtocolBus.QueueMgr.MainLoop
	DataPck_S2: Message dispached - ProtocolBusGSub
TRACE:	2024-08-29 T 18:58:27.054097
	QueueMgr.vala, L-106: ProtocolBus.QueueMgr.MainLoop
	DataPck_S0: Message dispached - DPSub
TRACE:	2024-08-29 T 18:58:27.054146
	QueueMgr.vala, L-106: ProtocolBus.QueueMgr.MainLoop
	EndPointDef_S1: Message dispached - EPSub
INFO:	2024-08-29 T 18:59:18.020545
	AppSync.vala, L-115: ProtocolBus.AppSync.FinishApp
	Signaling the FINISH!!!!

INFO:	2024-08-29 T 18:59:18.020684
	UDPStar.vala, L-109: ProtocolBus.UDPStar.MainLoop._lambda9_
	UDPStar_0: Transp. auxLoop finished -ProtocolBusUDPStar
INFO:	2024-08-29 T 18:59:18.020828
	UDPStar.vala, L-125: ProtocolBus.UDPStar.MainLoop
	UDPStar_0:  Transp. Mainloop finished -ProtocolBusUDPStar
INFO:	2024-08-29 T 18:59:18.064835
	QueueMgr.vala, L-115: ProtocolBus.QueueMgr.MainLoop
	DataPck_S0: Thread finished - DPSub
INFO:	2024-08-29 T 18:59:18.064895
	QueueMgr.vala, L-115: ProtocolBus.QueueMgr.MainLoop
	EndPointDef_S1: Thread finished - EPSub
INFO:	2024-08-29 T 18:59:18.065058
	QueueMgr.vala, L-115: ProtocolBus.QueueMgr.MainLoop
	EndPointDef_S3: Thread finished - ProtocolBusGSub
INFO:	2024-08-29 T 18:59:18.065254
	QueueMgr.vala, L-115: ProtocolBus.QueueMgr.MainLoop
	UP_SQ: Thread finished - ProtocolBusStreamQueue
INFO:	2024-08-29 T 18:59:18.065506
	QueueMgr.vala, L-115: ProtocolBus.QueueMgr.MainLoop
	DataPck_S2: Thread finished - ProtocolBusGSub
INFO:	2024-08-29 T 18:59:18.065530
	QueueMgr.vala, L-115: ProtocolBus.QueueMgr.MainLoop
	DOWN_SQ: Thread finished - ProtocolBusStreamQueue
INFO:	2024-08-29 T 18:59:18.115923
	Logger.vala, L-158: ProtocolBus.Logger.MainLloop
	Logger: Thread finished - ProtocolBusLogger
