INFO:	2024-08-29 T 18:37:58.344460
	Logger.vala, L-87: ProtocolBus.Logger.TraceOn
	Logger started
INFO:	2024-08-29 T 18:37:58.344709
	Logger.vala, L-140: ProtocolBus.Logger.MainLloop
	MainLoop started
INFO:	2024-08-29 T 18:37:58.345349
	UDPStar.vala, L-98: ProtocolBus.UDPStar.MainLoop
	UDPStar_0: Transp. Mainloop started -ProtocolBusUDPStar
INFO:	2024-08-29 T 18:37:58.345701
	QueueMgr.vala, L-89: ProtocolBus.QueueMgr.MainLoop
	UP_SQ: Start Mainloop-ProtocolBusStreamQueue
INFO:	2024-08-29 T 18:37:58.345833
	QueueMgr.vala, L-89: ProtocolBus.QueueMgr.MainLoop
	DOWN_SQ: Start Mainloop-ProtocolBusStreamQueue
INFO:	2024-08-29 T 18:37:58.346199
	QueueMgr.vala, L-89: ProtocolBus.QueueMgr.MainLoop
	DataPck_S0: Start Mainloop-DPSub
INFO:	2024-08-29 T 18:37:58.346356
	QueueMgr.vala, L-89: ProtocolBus.QueueMgr.MainLoop
	EndPointDef_S1: Start Mainloop-EPSub
INFO:	2024-08-29 T 18:37:58.346519
	QueueMgr.vala, L-89: ProtocolBus.QueueMgr.MainLoop
	EndPointDef_S3: Start Mainloop-ProtocolBusGSub
INFO:	2024-08-29 T 18:37:58.346591
	QueueMgr.vala, L-89: ProtocolBus.QueueMgr.MainLoop
	DataPck_S2: Start Mainloop-ProtocolBusGSub
TRACE:	2024-08-29 T 18:38:01.912913
	StreanQueue.vala, L-66: ProtocolBus.StreamQueue.DispatchMsgToTransports
	DOWN_SQ: Ready to send to Transports - ProtocolBusStreamQueue		1
TRACE:	2024-08-29 T 18:38:01.913227
	QueueMgr.vala, L-106: ProtocolBus.QueueMgr.MainLoop
	DOWN_SQ: Message dispached - ProtocolBusStreamQueue
TRACE:	2024-08-29 T 18:38:01.913266
	StreanQueue.vala, L-66: ProtocolBus.StreamQueue.DispatchMsgToTransports
	DOWN_SQ: Ready to send to Transports - ProtocolBusStreamQueue		1
TRACE:	2024-08-29 T 18:38:01.913706
	QueueMgr.vala, L-106: ProtocolBus.QueueMgr.MainLoop
	DOWN_SQ: Message dispached - ProtocolBusStreamQueue
INFO:	2024-08-29 T 18:38:02.872594
	AppSync.vala, L-115: ProtocolBus.AppSync.FinishApp
	Signaling the FINISH!!!!

INFO:	2024-08-29 T 18:38:02.872866
	UDPStar.vala, L-109: ProtocolBus.UDPStar.MainLoop._lambda9_
	UDPStar_0: Transp. auxLoop finished -ProtocolBusUDPStar
INFO:	2024-08-29 T 18:38:02.873304
	UDPStar.vala, L-125: ProtocolBus.UDPStar.MainLoop
	UDPStar_0:  Transp. Mainloop finished -ProtocolBusUDPStar
INFO:	2024-08-29 T 18:38:02.911340
	QueueMgr.vala, L-115: ProtocolBus.QueueMgr.MainLoop
	EndPointDef_S3: Thread finished - ProtocolBusGSub
INFO:	2024-08-29 T 18:38:02.911366
	QueueMgr.vala, L-115: ProtocolBus.QueueMgr.MainLoop
	DataPck_S0: Thread finished - DPSub
INFO:	2024-08-29 T 18:38:02.911476
	QueueMgr.vala, L-115: ProtocolBus.QueueMgr.MainLoop
	UP_SQ: Thread finished - ProtocolBusStreamQueue
INFO:	2024-08-29 T 18:38:02.911818
	QueueMgr.vala, L-115: ProtocolBus.QueueMgr.MainLoop
	DataPck_S2: Thread finished - ProtocolBusGSub
INFO:	2024-08-29 T 18:38:02.911856
	QueueMgr.vala, L-115: ProtocolBus.QueueMgr.MainLoop
	EndPointDef_S1: Thread finished - EPSub
INFO:	2024-08-29 T 18:38:02.916863
	QueueMgr.vala, L-115: ProtocolBus.QueueMgr.MainLoop
	DOWN_SQ: Thread finished - ProtocolBusStreamQueue
INFO:	2024-08-29 T 18:38:02.967111
	Logger.vala, L-158: ProtocolBus.Logger.MainLloop
	Logger: Thread finished - ProtocolBusLogger
