INFO:	2024-08-29 T 18:57:17.996460
	Logger.vala, L-87: ProtocolBus.Logger.TraceOn
	Logger started
INFO:	2024-08-29 T 18:57:17.996917
	Logger.vala, L-140: ProtocolBus.Logger.MainLloop
	MainLoop started
TRACE:	2024-08-29 T 18:57:17.996592
	Domain.vala, L-62: ProtocolBus.Domain.Initialize
	Config file read and loaded
TRACE:	2024-08-29 T 18:57:17.997331
	
ActivateTrace: true
TraceLevel: 1
Domain {
  Id: 1
  ActivateDefaultTransport: false
  DirectDispacthToSubs: false
  KeyFile: ""
  Transport {
    TransportName: "MCast_0"
    DllImport: "Default"
    TransportClass: "Multicast"
    ReceiveOwnMsgs: true
    MCastParams {
      LocalAddress: "Any"
      MCastAddress: "239.255.0.11"
      Port: 40070
      TTL: 1
      ReceiveBuffer: 134217727
      SendBuffer: 134217727
    }
  }
}
Domain {
  Id: 0
  ActivateDefaultTransport: false
  DirectDispacthToSubs: false
  KeyFile: ""
  Transport {
    TransportName: "UDPStar_0"
    DllImport: "Default"
    TransportClass: "UDPStar"
    ReceiveOwnMsgs: true
    UDPStarParams {
      LocalAddress: "Any"
      Port: 40069
      EndPoint {
        Host: "192.168.2.101"
        Port: 40069
      }
      EndPoint {
        Host: "192.168.2.33"
        Port: 40069
      }
      EndPoint {
        Host: "192.168.2.44"
        Port: 40069
      }
      EndPoint {
        Host: "192.168.2.95"
        Port: 40069
      }
      EndPoint {
        Host: "192.168.2.100"
        Port: 40070
      }
      EndPoint {
        Host: "192.168.2.95"
        Port: 40070
      }
      ReceiveBuffer: 134217727
      SendBuffer: 134217727
    }
  }
}


INFO:	2024-08-29 T 18:57:17.998146
	UDPStar.vala, L-98: ProtocolBus.UDPStar.MainLoop
	UDPStar_0: Transp. Mainloop started -ProtocolBusUDPStar
INFO:	2024-08-29 T 18:57:17.998319
	QueueMgr.vala, L-89: ProtocolBus.QueueMgr.MainLoop
	UP_SQ: Start Mainloop-ProtocolBusStreamQueue
INFO:	2024-08-29 T 18:57:17.998450
	QueueMgr.vala, L-89: ProtocolBus.QueueMgr.MainLoop
	DOWN_SQ: Start Mainloop-ProtocolBusStreamQueue
INFO:	2024-08-29 T 18:57:17.998522
	QueueMgr.vala, L-89: ProtocolBus.QueueMgr.MainLoop
	DataPck_S0: Start Mainloop-DPSub
INFO:	2024-08-29 T 18:57:17.998584
	QueueMgr.vala, L-89: ProtocolBus.QueueMgr.MainLoop
	EndPointDef_S1: Start Mainloop-EPSub
INFO:	2024-08-29 T 18:57:17.998686
	QueueMgr.vala, L-89: ProtocolBus.QueueMgr.MainLoop
	DataPck_S2: Start Mainloop-ProtocolBusGSub
INFO:	2024-08-29 T 18:57:17.998743
	QueueMgr.vala, L-89: ProtocolBus.QueueMgr.MainLoop
	EndPointDef_S3: Start Mainloop-ProtocolBusGSub
TRACE:	2024-08-29 T 18:57:19.166363
	StreanQueue.vala, L-66: ProtocolBus.StreamQueue.DispatchMsgToTransports
	DOWN_SQ: Ready to send to Transports - ProtocolBusStreamQueue		2
TRACE:	2024-08-29 T 18:57:19.166733
	QueueMgr.vala, L-106: ProtocolBus.QueueMgr.MainLoop
	DOWN_SQ: Message dispached - ProtocolBusStreamQueue
TRACE:	2024-08-29 T 18:57:19.166822
	Transport.vala, L-62: ProtocolBus.Transport.ParseAndEnqueue
	UDPStar_0: Recive from wire - ProtocolBusUDPStar2
TRACE:	2024-08-29 T 18:57:19.166907
	StreanQueue.vala, L-74: ProtocolBus.StreamQueue.DispatchMsgToListeners
	UP_SQ: Ready to send to Listeners - ProtocolBusStreamQueue		2
TRACE:	2024-08-29 T 18:57:19.166970
	QueueMgr.vala, L-106: ProtocolBus.QueueMgr.MainLoop
	UP_SQ: Message dispached - ProtocolBusStreamQueue
TRACE:	2024-08-29 T 18:57:19.167020
	QueueMgr.vala, L-106: ProtocolBus.QueueMgr.MainLoop
	EndPointDef_S1: Message dispached - EPSub
TRACE:	2024-08-29 T 18:57:19.167088
	QueueMgr.vala, L-106: ProtocolBus.QueueMgr.MainLoop
	EndPointDef_S3: Message dispached - ProtocolBusGSub
TRACE:	2024-08-29 T 18:57:19.167289
	QueueMgr.vala, L-106: ProtocolBus.QueueMgr.MainLoop
	DataPck_S2: Message dispached - ProtocolBusGSub
TRACE:	2024-08-29 T 18:57:19.167312
	QueueMgr.vala, L-106: ProtocolBus.QueueMgr.MainLoop
	DataPck_S0: Message dispached - DPSub
INFO:	2024-08-29 T 18:57:22.910288
	AppSync.vala, L-115: ProtocolBus.AppSync.FinishApp
	Signaling the FINISH!!!!

INFO:	2024-08-29 T 18:57:22.910394
	UDPStar.vala, L-109: ProtocolBus.UDPStar.MainLoop._lambda9_
	UDPStar_0: Transp. auxLoop finished -ProtocolBusUDPStar
INFO:	2024-08-29 T 18:57:22.910720
	UDPStar.vala, L-125: ProtocolBus.UDPStar.MainLoop
	UDPStar_0:  Transp. Mainloop finished -ProtocolBusUDPStar
INFO:	2024-08-29 T 18:57:22.928315
	QueueMgr.vala, L-115: ProtocolBus.QueueMgr.MainLoop
	EndPointDef_S3: Thread finished - ProtocolBusGSub
INFO:	2024-08-29 T 18:57:22.928416
	QueueMgr.vala, L-115: ProtocolBus.QueueMgr.MainLoop
	DataPck_S2: Thread finished - ProtocolBusGSub
INFO:	2024-08-29 T 18:57:22.928528
	QueueMgr.vala, L-115: ProtocolBus.QueueMgr.MainLoop
	EndPointDef_S1: Thread finished - EPSub
INFO:	2024-08-29 T 18:57:22.928581
	QueueMgr.vala, L-115: ProtocolBus.QueueMgr.MainLoop
	DataPck_S0: Thread finished - DPSub
INFO:	2024-08-29 T 18:57:22.928845
	QueueMgr.vala, L-115: ProtocolBus.QueueMgr.MainLoop
	UP_SQ: Thread finished - ProtocolBusStreamQueue
INFO:	2024-08-29 T 18:57:22.928869
	QueueMgr.vala, L-115: ProtocolBus.QueueMgr.MainLoop
	DOWN_SQ: Thread finished - ProtocolBusStreamQueue
INFO:	2024-08-29 T 18:57:22.979442
	Logger.vala, L-158: ProtocolBus.Logger.MainLloop
	Logger: Thread finished - ProtocolBusLogger
